ï¿½ï¿½ï¿½ï¿½for dynamic allocation:[0m
ï¿½ESP-ROM:esp32s3-20210327
Build:Mar 27 2021
rst:0x1 (POWERON),boot:0x2b (SPI_FAST_FLASH_BOOT)
SPIWP:0xee
mode:DIO, clock div:1
load:0x3fce2810,len:0x1870
load:0x403c8700,len:0x4
load:0x403c8704,len:0xce8
load:0x403cb700,len:0x2ed8
entry 0x403c8918
[0;32mI (27) boot: ESP-IDF v5.3.2-1-g803e396c83-dirty 2nd stage bootloader[0m
[0;32mI (27) boot: compile time Apr  9 2025 00:29:47[0m
[0;32mI (28) boot: Multicore bootloader[0m
[0;32mI (32) boot: chip revision: v0.1[0m
[0;32mI (35) boot: efuse block revision: v1.2[0m
[0;32mI (40) boot.esp32s3: Boot SPI Speed : 80MHz[0m
[0;32mI (45) boot.esp32s3: SPI Mode       : DIO[0m
[0;32mI (50) boot.esp32s3: SPI Flash Size : 16MB[0m
[0;32mI (54) boot: Enabling RNG early entropy source...[0m
[0;32mI (60) boot: Partition Table:[0m
[0;32mI (63) boot: ## Label            Usage          Type ST Offset   Length[0m
[0;32mI (71) boot:  0 nvs              WiFi data        01 02 00009000 00006000[0m
[0;32mI (78) boot:  1 phy_init         RF data          01 01 0000f000 00001000[0m
[0;32mI (86) boot:  2 factory          factory app      00 00 00010000 00e00000[0m
[0;32mI (93) boot:  3 storage          Unknown data     01 82 00e10000 001e0000[0m
[0;32mI (101) boot: End of partition table[0m
[0;32mI (105) esp_image: segment 0: paddr=00010020 vaddr=3c0b0020 size=2a93ch (174396) map[0m
[0;32mI (144) esp_image: segment 1: paddr=0003a964 vaddr=3fc9c000 size=056b4h ( 22196) load[0m
[0;32mI (149) esp_image: segment 2: paddr=00040020 vaddr=42000020 size=aea5ch (715356) map[0m
[0;32mI (276) esp_image: segment 3: paddr=000eea84 vaddr=3fca16b4 size=172cch ( 94924) load[0m
[0;32mI (300) esp_image: segment 4: paddr=00105d58 vaddr=40374000 size=17f50h ( 98128) load[0m
[0;32mI (337) boot: Loaded app from partition at offset 0x10000[0m
[0;32mI (337) boot: Disabling RNG early entropy source...[0m
[0;32mI (349) cpu_start: Multicore app[0m
[0;32mI (358) cpu_start: Pro cpu start user code[0m
[0;32mI (358) cpu_start: cpu freq: 160000000 Hz[0m
[0;32mI (358) app_init: Application information:[0m
[0;32mI (361) app_init: Project name:     file_server[0m
[0;32mI (366) app_init: App version:      1[0m
[0;32mI (370) app_init: Compile time:     Apr  9 2025 00:27:41[0m
[0;32mI (376) app_init: ELF file SHA256:  53b76c724...[0m
[0;32mI (382) app_init: ESP-IDF:          v5.3.2-1-g803e396c83-dirty[0m
[0;32mI (388) efuse_init: Min chip rev:     v0.0[0m
[0;32mI (393) efuse_init: Max chip rev:     v0.99 [0m
[0;32mI (398) efuse_init: Chip rev:         v0.1[0m
[0;32mI (403) heap_init: Initializing. RAM available for dynamic allocation:[0m
[0;32mI (410) heap_init: At 3FCC70E8 len 00022628 (137 KiB): RAM[0m
[0;32mI (416) heap_init: At 3FCE9710 len 00005724 (21 KiB): RAM[0m
[0;32mI (422) heap_init: At 3FCF0000 len 00008000 (32 KiB): DRAM[0m
[0;32mI (428) heap_init: At 600FE100 len 00001EE8 (7 KiB): RTCRAM[0m
[0;32mI (436) spi_flash: detected chip: winbond[0m
[0;32mI (439) spi_flash: flash io: dio[0m
[0;32mI (444) sleep: Configure to isolate all GPIO pins in sleep state[0m
[0;32mI (450) sleep: Enable automatic switching of GPIO sleep configuration[0m
[0;32mI (458) main_task: Started on CPU0[0m
[0;32mI (488) main_task: Calling app_main()[0m
[0;32mI (488) example: Starting example[0m
[0;32mI (508) example_mount: Initializing SPIFFS[0m
[0;33mW (508) SPIFFS: mount failed, -10025. formatting...[0m
[0;32mI (24628) example_mount: Partition size: total: 1799921, used: 0[0m
[0;32mI (24628) example_connect: Start example_connect.[0m
[0;32mI (24628) pp: pp rom version: e7ae62f[0m
[0;32mI (24638) net80211: net80211 rom version: e7ae62f[0m
[0;32mI (24648) wifi:wifi driver task: 3fcd176c, prio:23, stack:6656, core=0[0m
[0;32mI (24658) wifi:wifi firmware version: b0fd6006b[0m
[0;32mI (24658) wifi:wifi certification version: v7.0[0m
[0;32mI (24658) wifi:config NVS flash: enabled[0m
[0;32mI (24658) wifi:config nano formating: disabled[0m
[0;32mI (24668) wifi:Init data frame dynamic rx buffer num: 32[0m
[0;32mI (24668) wifi:Init static rx mgmt buffer num: 5[0m
[0;32mI (24678) wifi:Init management short buffer num: 32[0m
[0;32mI (24678) wifi:Init dynamic tx buffer num: 32[0m
[0;32mI (24678) wifi:Init static tx FG buffer num: 2[0m
[0;32mI (24688) wifi:Init static rx buffer size: 1600[0m
[0;32mI (24688) wifi:Init static rx buffer num: 10[0m
[0;32mI (24698) wifi:Init dynamic rx buffer num: 32[0m
[0;32mI (24698) wifi_init: rx ba win: 6[0m
[0;32mI (24708) wifi_init: accept mbox: 6[0m
[0;32mI (24708) wifi_init: tcpip mbox: 32[0m
[0;32mI (24708) wifi_init: udp mbox: 6[0m
[0;32mI (24718) wifi_init: tcp mbox: 6[0m
[0;32mI (24718) wifi_init: tcp tx win: 5760[0m
[0;32mI (24728) wifi_init: tcp rx win: 5760[0m
[0;32mI (24728) wifi_init: tcp mss: 1440[0m
[0;32mI (24728) wifi_init: WiFi IRAM OP enabled[0m
[0;32mI (24738) wifi_init: WiFi RX IRAM OP enabled[0m
[0;32mI (24738) phy_init: phy_version 680,a6008b2,Jun  4 2024,16:41:10[0m
[0;32mI (24778) wifi:mode : sta (7c:df:a1:ee:d6:94)[0m
[0;32mI (24788) wifi:enable tsf[0m
[0;32mI (24788) example_connect: Connecting to Keshav Wifi...[0m
[0;33mW (24788) wifi:Password length matches WPA2 standards, authmode threshold changes from OPEN to WPA2[0m
[0;32mI (24798) example_connect: Waiting for IP(s)[0m
[0;32mI (27678) wifi:new:<11,0>, old:<1,0>, ap:<255,255>, sta:<11,0>, prof:1, snd_ch_cfg:0x0[0m
[0;32mI (27678) wifi:state: init -> auth (0xb0)[0m
[0;32mI (27688) wifi:state: auth -> assoc (0x0)[0m
[0;32mI (27698) wifi:state: assoc -> run (0x10)[0m
[0;32mI (27768) wifi:connected with Keshav Wifi, aid = 1, channel 11, BW20, bssid = ca:88:54:f1:fb:4a[0m
[0;32mI (27768) wifi:security: WPA2-PSK, phy: bgn, rssi: -53[0m
[0;32mI (27768) wifi:pm start, type: 1[0m

[0;32mI (27778) wifi:dp: 1, bi: 102400, li: 3, scale listen interval from 307200 us to 307200 us[0m
[0;32mI (27788) wifi:set rx beacon pti, rx_bcn_pti: 0, bcn_timeout: 25000, mt_pti: 0, mt_time: 10000[0m
[0;32mI (27798) wifi:<ba-add>idx:0 (ifx:0, ca:88:54:f1:fb:4a), tid:0, ssn:0, winSize:64[0m
[0;32mI (27818) wifi:dp: 2, bi: 102400, li: 4, scale listen interval from 307200 us to 409600 us[0m
[0;32mI (27828) wifi:AP's beacon interval = 102400 us, DTIM period = 2[0m
[0;32mI (28798) esp_netif_handlers: example_netif_sta ip: 192.168.181.84, mask: 255.255.255.0, gw: 192.168.181.236[0m
[0;32mI (28798) example_connect: Got IPv4 event: Interface "example_netif_sta" address: 192.168.181.84[0m
[0;32mI (29508) example_connect: Got IPv6 event: Interface "example_netif_sta" address: fe80:0000:0000:0000:7edf:a1ff:feee:d694, type: ESP_IP6_ADDR_IS_LINK_LOCAL[0m
[0;32mI (29508) example_common: Connected to example_netif_sta[0m
[0;32mI (29518) example_common: - IPv4 address: 192.168.181.84,[0m
[0;32mI (29518) example_common: - IPv6 address: fe80:0000:0000:0000:7edf:a1ff:feee:d694, type: ESP_IP6_ADDR_IS_LINK_LOCAL[0m
Didn't find op for builtin opcode 'CONV_2D'
Failed to get registration from op code CONV_2D
 
Failed to allocate tensors!
[0;32mI (29538) example: The value predicted is: -1[0m
[0;32mI (29548) example: File server started[0m
[0;32mI (29548) main_task: Returned from app_main()[0m
